  Determining projects to restore...
  All projects are up-to-date for restore.
C:\Program Files\dotnet\sdk\10.0.300-preview.0.26177.108\Sdks\Microsoft.NET.Sdk\targets\Microsoft.NET.RuntimeIdentifierInference.targets(383,5): message NETSDK1057: You are using a preview version of .NET. See: https://aka.ms/dotnet-support-policy [C:\src\elbruno.mempalacenet\src\MemPalace.Mcp\MemPalace.Mcp.csproj]
C:\Program Files\dotnet\sdk\10.0.300-preview.0.26177.108\Sdks\Microsoft.NET.Sdk\targets\Microsoft.NET.RuntimeIdentifierInference.targets(383,5): message NETSDK1057: You are using a preview version of .NET. See: https://aka.ms/dotnet-support-policy [C:\src\elbruno.mempalacenet\src\MemPalace.Backends.Sqlite\MemPalace.Backends.Sqlite.csproj]
C:\Program Files\dotnet\sdk\10.0.300-preview.0.26177.108\Sdks\Microsoft.NET.Sdk\targets\Microsoft.NET.RuntimeIdentifierInference.targets(383,5): message NETSDK1057: You are using a preview version of .NET. See: https://aka.ms/dotnet-support-policy [C:\src\elbruno.mempalacenet\src\MemPalace.KnowledgeGraph\MemPalace.KnowledgeGraph.csproj]
C:\Program Files\dotnet\sdk\10.0.300-preview.0.26177.108\Sdks\Microsoft.NET.Sdk\targets\Microsoft.NET.RuntimeIdentifierInference.targets(383,5): message NETSDK1057: You are using a preview version of .NET. See: https://aka.ms/dotnet-support-policy [C:\src\elbruno.mempalacenet\src\MemPalace.Agents\MemPalace.Agents.csproj]
C:\Program Files\dotnet\sdk\10.0.300-preview.0.26177.108\Sdks\Microsoft.NET.Sdk\targets\Microsoft.NET.RuntimeIdentifierInference.targets(383,5): message NETSDK1057: You are using a preview version of .NET. See: https://aka.ms/dotnet-support-policy [C:\src\elbruno.mempalacenet\src\MemPalace.Mining\MemPalace.Mining.csproj]
C:\Program Files\dotnet\sdk\10.0.300-preview.0.26177.108\Sdks\Microsoft.NET.Sdk\targets\Microsoft.NET.RuntimeIdentifierInference.targets(383,5): message NETSDK1057: You are using a preview version of .NET. See: https://aka.ms/dotnet-support-policy [C:\src\elbruno.mempalacenet\src\MemPalace.Core\MemPalace.Core.csproj]
C:\Program Files\dotnet\sdk\10.0.300-preview.0.26177.108\Sdks\Microsoft.NET.Sdk\targets\Microsoft.NET.RuntimeIdentifierInference.targets(383,5): message NETSDK1057: You are using a preview version of .NET. See: https://aka.ms/dotnet-support-policy [C:\src\elbruno.mempalacenet\src\MemPalace.Benchmarks\MemPalace.Benchmarks.csproj]
C:\Program Files\dotnet\sdk\10.0.300-preview.0.26177.108\Sdks\Microsoft.NET.Sdk\targets\Microsoft.NET.RuntimeIdentifierInference.targets(383,5): message NETSDK1057: You are using a preview version of .NET. See: https://aka.ms/dotnet-support-policy [C:\src\elbruno.mempalacenet\src\MemPalace.Ai\MemPalace.Ai.csproj]
C:\Program Files\dotnet\sdk\10.0.300-preview.0.26177.108\Sdks\Microsoft.NET.Sdk\targets\Microsoft.NET.RuntimeIdentifierInference.targets(383,5): message NETSDK1057: You are using a preview version of .NET. See: https://aka.ms/dotnet-support-policy [C:\src\elbruno.mempalacenet\src\MemPalace.Search\MemPalace.Search.csproj]
C:\Program Files\dotnet\sdk\10.0.300-preview.0.26177.108\Sdks\Microsoft.NET.Sdk\targets\Microsoft.NET.RuntimeIdentifierInference.targets(383,5): message NETSDK1057: You are using a preview version of .NET. See: https://aka.ms/dotnet-support-policy [C:\src\elbruno.mempalacenet\src\MemPalace.Cli\MemPalace.Cli.csproj]
C:\Program Files\dotnet\sdk\10.0.300-preview.0.26177.108\Sdks\Microsoft.NET.Sdk\targets\Microsoft.NET.RuntimeIdentifierInference.targets(383,5): message NETSDK1057: You are using a preview version of .NET. See: https://aka.ms/dotnet-support-policy [C:\src\elbruno.mempalacenet\src\MemPalace.Tests\MemPalace.Tests.csproj]
  MemPalace.Core -> C:\src\elbruno.mempalacenet\src\MemPalace.Core\bin\Release\net10.0\MemPalace.Core.dll
  MemPalace.Ai -> C:\src\elbruno.mempalacenet\src\MemPalace.Ai\bin\Release\net10.0\MemPalace.Ai.dll
  MemPalace.Backends.Sqlite -> C:\src\elbruno.mempalacenet\src\MemPalace.Backends.Sqlite\bin\Release\net10.0\MemPalace.Backends.Sqlite.dll
  MemPalace.KnowledgeGraph -> C:\src\elbruno.mempalacenet\src\MemPalace.KnowledgeGraph\bin\Release\net10.0\MemPalace.KnowledgeGraph.dll
  MemPalace.Search -> C:\src\elbruno.mempalacenet\src\MemPalace.Search\bin\Release\net10.0\MemPalace.Search.dll
  MemPalace.Mining -> C:\src\elbruno.mempalacenet\src\MemPalace.Mining\bin\Release\net10.0\MemPalace.Mining.dll
  MemPalace.Mcp -> C:\src\elbruno.mempalacenet\src\MemPalace.Mcp\bin\Release\net10.0\MemPalace.Mcp.dll
  MemPalace.Benchmarks -> C:\src\elbruno.mempalacenet\src\MemPalace.Benchmarks\bin\Release\net10.0\mempalacenet-bench.dll
  MemPalace.Agents -> C:\src\elbruno.mempalacenet\src\MemPalace.Agents\bin\Release\net10.0\MemPalace.Agents.dll
  MemPalace.Cli -> C:\src\elbruno.mempalacenet\src\MemPalace.Cli\bin\Release\net10.0\mempalacenet.dll
  MemPalace.Diagnostics -> C:\src\elbruno.mempalacenet\src\MemPalace.Diagnostics\bin\Debug\net10.0\MemPalace.Diagnostics.dll
  MemPalace.Tests -> C:\src\elbruno.mempalacenet\src\MemPalace.Tests\bin\Release\net10.0\MemPalace.Tests.dll

Build succeeded.
    0 Warning(s)
    0 Error(s)

Time Elapsed 00:00:05.69
